../Core/Src/main.c:102:5:main	48	static
../Core/Src/main.c:258:6:SystemClock_Config	88	static
../Core/Src/main.c:304:13:MX_I2C1_Init	8	static
../Core/Src/main.c:338:13:MX_TIM3_Init	64	static
../Core/Src/main.c:401:13:MX_TIM11_Init	8	static
../Core/Src/main.c:446:13:MX_GPIO_Init	48	static
../Core/Src/main.c:489:6:MX_GPIO_LED_ON	16	static
../Core/Src/main.c:493:6:MX_GPIO_LED_OFF	16	static
../Core/Src/main.c:498:6:esp_event	120	static
../Core/Src/main.c:563:6:HAL_TIM_PeriodElapsedCallback	16	static
../Core/Src/main.c:589:6:Error_Handler	4	static,ignoring_inline_asm
